// Jest Snapshot v1, https://goo.gl/fbAQLP

exports[`Skeleton Loader Component matches snapshot 1`] = `<DocumentFragment />`;
